// Jest Snapshot v1, https://goo.gl/fbAQLP

exports[`Navigation should render correctly 1`] = `
<div
  className="nav-grid       my-class-name"
>
  <a
    aria-current={null}
    className="nav-item"
    href="/random-quote-machine"
    onClick={[Function]}
    style={undefined}
  >
    Random Quote Machine
  </a>
  <a
    aria-current={null}
    className="nav-item"
    href="/markdown-previewer"
    onClick={[Function]}
    style={undefined}
  >
    Markdown Previewer
  </a>
  <a
    aria-current={null}
    className="nav-item"
    href="/drum-machine"
    onClick={[Function]}
    style={undefined}
  >
    Drum Machine
  </a>
  <a
    aria-current={null}
    className="nav-item"
    href="/calculator"
    onClick={[Function]}
    style={undefined}
  >
    Calculator
  </a>
  <a
    aria-current={null}
    className="nav-item"
    href="/pomodoro-clock"
    onClick={[Function]}
    style={undefined}
  >
    Pomodoro Clock
  </a>
  <a
    aria-current={null}
    className="nav-item"
    href="/survey-form"
    onClick={[Function]}
    style={undefined}
  >
    Survey Form
  </a>
  <a
    className="btn fa fa-github fa-2x nav-item git-hub-link"
    href="https://github.com/jbockerstette/react-freecodecamp-projects"
    style={
      Object {
        "background": undefined,
      }
    }
    target="_blank"
  >
     
  </a>
</div>
`;
